Trying to get endpoint URL and parse it as an URL format.
Trying to run a sanity command using current configuration.
Valid configuration
