It looks like endpoint url is wrong.
Get "/wrong_uri/api/v1/repositories": unsupported protocol scheme ""
Suspicious URI format for server.endpoint_url: wrong_uri/api/v1
